{
  "SYSTEM": {
    "ABOUT": "About",
    "COPY": "Copy",
    "DASHBOARD": "Dashboard"
  }
}
