{
  "COUNTRY": {
    "USA": {
      "STATES": {
        "NEW_YORK": {
          "NAME": "New York",
          "ACRONYM": "NY"
        },
        "CALIFORNIA": {
          "NAME": "California",
          "ACRONYM": "CA"
        },
        "NORTH_CAROLINA": {
          "NAME": "North Carolina",
          "ACRONYM": "NC"
        }
      },
      "NAME": "United States",
      "LANGUAGE": "English"
    },
    "SPAIN": {
      "NAME": "Spain",
      "LANGUAGE": "Spanish"
    },
    "BRAZIL": {
      "NAME": "Brazil",
      "LANGUAGE": "Portuguese"
    }
  },
  "MENU": {
    "CART": {
      "EMPTY": "Empty Cart",
      "CHECKOUT": "Checkout"
    },
    "USER": {
      "LABEL": "User",
      "DROPDOWN": {
        "EDIT": "Edit",
        "LOGOUT": "Logout"
      }
    }
  }
}