{
  "SYSTEM": {
    "ABOUT": "Sobre",
    "COPY": "Copiar",
    "DASHBOARD": "Dashboard"
  }
}
