LANGUAGES:
  1: enUS
  2: ptBR
  3: esES

CREDIT_CARD:
  NAME:
    1: Credit Card
    2: Cartão de Crédito
    3: Tarjeta de Crédito
  FLAG:
    VISA:
      1,2,3: Visa
    MASTERCARD:
      1,2,3: Mastercard
    AMEX:
      1,2,3: American Express
    DINERS:
      1,2,3: Diners
